// Jest Snapshot v1, https://goo.gl/fbAQLP

exports[`App snapshot renders the Main screen 1`] = `null`;

exports[`App snapshot renders the SPinner 1`] = `
<View
  style={
    Object {
      "alignItems": "center",
      "flex": 1,
      "justifyContent": "center",
    }
  }
>
  <ActivityIndicator
    animating={true}
    color="#2F3CA3"
    hidesWhenStopped={true}
    size="large"
  />
</View>
`;

exports[`App snapshot renders the Spinner 1`] = `
<View
  style={
    Object {
      "alignItems": "center",
      "flex": 1,
      "justifyContent": "center",
    }
  }
>
  <ActivityIndicator
    animating={true}
    color="#2F3CA3"
    hidesWhenStopped={true}
    size="large"
  />
</View>
`;

exports[`App snapshot renders the loading screen 1`] = `null`;

exports[`App snapshot renders the root without loading screen 1`] = `null`;
